[debug] [2026-10-03T11:54:11.029Z] ----------------------------------------------------------------------
[debug] [2026-10-03T11:54:11.056Z] Command:       C:\Program Files\nodejs\node.exe C:\Users\center\AppData\Roaming\npm\node_modules\firebase-tools\lib\bin\firebase.js hosting:sites:create faq-site
[debug] [2026-10-03T11:54:11.057Z] CLI Version:   15.29.0
[debug] [2026-10-03T11:54:11.057Z] Platform:      win32
[debug] [2026-10-03T11:54:11.057Z] Node Version:  v24.11.0
[debug] [2026-10-03T11:54:11.057Z] Detected Agent: unknown
[debug] [2026-10-03T11:54:11.057Z] Time:          Sat Oct 03 2026 14:54:11 GMT+0300 (GMT+03:00)
[debug] [2026-10-03T11:54:11.058Z] ----------------------------------------------------------------------
[debug] 
[debug] [2026-10-03T11:54:11.101Z] >>> [apiv2][query] GET https://firebase-public.firebaseio.com/cli.json [none]
[debug] [2026-10-03T11:54:11.367Z] > command requires scopes: ["email","openid","https://www.googleapis.com/auth/cloudplatformprojects.readonly","https://www.googleapis.com/auth/firebase","https://www.googleapis.com/auth/cloud-platform"]
[debug] [2026-10-03T11:54:11.368Z] > authorizing via signed-in user (aishakhairallah3@gmail.com)
[debug] [2026-10-03T11:54:16.433Z] Error: Timed out.
    at Timeout._onTimeout (C:\Users\center\AppData\Roaming\npm\node_modules\firebase-tools\lib\utils.js:296:49)
    at listOnTimeout (node:internal/timers:608:17)
    at process.processTimers (node:internal/timers:543:7)
[error] 
[error] Error: An unexpected error has occurred.
[debug] [2026-10-03T11:54:51.821Z] ----------------------------------------------------------------------
[debug] [2026-10-03T11:54:51.824Z] Command:       C:\Program Files\nodejs\node.exe C:\Users\center\AppData\Roaming\npm\node_modules\firebase-tools\lib\bin\firebase.js login
[debug] [2026-10-03T11:54:51.824Z] CLI Version:   15.29.0
[debug] [2026-10-03T11:54:51.824Z] Platform:      win32
[debug] [2026-10-03T11:54:51.824Z] Node Version:  v24.11.0
[debug] [2026-10-03T11:54:51.824Z] Detected Agent: unknown
[debug] [2026-10-03T11:54:51.825Z] Time:          Sat Oct 03 2026 14:54:51 GMT+0300 (GMT+03:00)
[debug] [2026-10-03T11:54:51.825Z] ----------------------------------------------------------------------
[debug] 
[debug] [2026-10-03T11:54:51.840Z] >>> [apiv2][query] GET https://firebase-public.firebaseio.com/cli.json [none]
[info] Already logged in as aishakhairallah3@gmail.com
[debug] [2026-10-03T11:54:55.821Z] <<< [apiv2][status] GET https://firebase-public.firebaseio.com/cli.json 200
[debug] [2026-10-03T11:54:55.821Z] <<< [apiv2][body] GET https://firebase-public.firebaseio.com/cli.json {"cloudBuildErrorAfter":1594252800000,"cloudBuildWarnAfter":1590019200000,"defaultNode10After":1594252800000,"minVersion":"3.0.5","node8DeploysDisabledAfter":1613390400000,"node8RuntimeDisabledAfter":1615809600000,"node8WarnAfter":1600128000000}
[debug] [2026-10-03T11:55:01.926Z] Error: Timed out.
    at Timeout._onTimeout (C:\Users\center\AppData\Roaming\npm\node_modules\firebase-tools\lib\utils.js:296:49)
    at listOnTimeout (node:internal/timers:608:17)
    at process.processTimers (node:internal/timers:543:7)
[error] 
[error] Error: An unexpected error has occurred.
